MEGACO/1 [124.124.124.222] Transaction = 9998 { 
Context = - { 
W-ServiceChange = ROOT { 
Services { 
Profile = ResGW/1 , ServiceChangeAddress = 55555 , Method = Restart ,  } 
 } 
 } 
 }