MEGACO/1 [124.124.124.222]:55555 Reply = 10001 { 
Context = - { 
Modify = A4444 } 
 }