MEGACO/1 [123.123.123.4]:55555 Reply = 10002 { 
Context = - { 
Notify = A4444 } 
 }