MEGACO/1 [123.123.123.4]:55555 Transaction = 10005 { 
Context = 2000 { 
Modify = A4444 { 
Signals { 
cg/rt ,  } 
 } 
 }  , 
Modify = A4445 { 
Media { 
Stream = 1 { 
Remote { v=0 o=- 7736844526 7736842807 IN IP4
   125.125.125.111 s=- t= 0 0 c=IN IP4 125.125.125.111 m=audio 1111
   RTP/AVP 4
                    }  ,  }  } 
 } 
 } 
 } 
 }