MEGACO/1 [124.124.124.222]:55555 Transaction = 10002 { 
Context = - { 
Notify = A4444 } 
 } 
 }