MEGACO/1 [125.125.125.111]:55555 Transaction = 50008 { 
Context = 5000 { 
Notify = A5555 } 
 } 
 }