MEGACO/1 [124.124.124.222]:55555 Reply = 9999 { 
Context = - { 
Modify = A4444 } 
 } 
 }