MEGACO/1 [124.124.124.222]:55555 Reply = 10003 { 
Context = 2000 { 
Add = A4444 }  , 
Add = A4445 { 
Media { 
Stream = 1 { 
Local { v=0 o=- 2890844526 2890842807 IN IP4
   124.124.124.222 s=- t= 0 0 c=IN IP4 124.124.124.222 m=audio 2222
   RTP/AVP 4 a=ptime:30 a=recvonly
                     }  ,  }  } 
 } 
 } 
 } 
 }