MEGACO/1 [124.124.124.222]:55555 Reply = 10005 { 
Context = 2000 { 
Modify = A4444 }  , 
Modify = A4445 } 
 } 
 }